// Jest Snapshot v1, https://goo.gl/fbAQLP

exports[`NonfungiblePositionManager #burn gas 1`] = `53667`;

exports[`NonfungiblePositionManager #collect gas transfers both 1`] = `61753`;

exports[`NonfungiblePositionManager #collect gas transfers token0 only 1`] = `73758`;

exports[`NonfungiblePositionManager #collect gas transfers token1 only 1`] = `73803`;

exports[`NonfungiblePositionManager #decreaseLiquidity gas complete decrease 1`] = `97903`;

exports[`NonfungiblePositionManager #decreaseLiquidity gas partial decrease 1`] = `163709`;

exports[`NonfungiblePositionManager #firstMint gas 1`] = `5050189`;

exports[`NonfungiblePositionManager #increaseLiquidity gas 1`] = `198283`;

exports[`NonfungiblePositionManager #mint gas first mint for ticks 1`] = `463170`;

exports[`NonfungiblePositionManager #mint gas ticks already used 1`] = `397755`;

exports[`NonfungiblePositionManager #permit owned by eoa gas 1`] = `60105`;

exports[`NonfungiblePositionManager #permit owned by verifying contract gas 1`] = `63930`;

exports[`NonfungiblePositionManager #transferFrom gas 1`] = `84252`;

exports[`NonfungiblePositionManager #transferFrom gas comes from approved 1`] = `75458`;

exports[`NonfungiblePositionManager bytecode size 1`] = `21434`;

exports[`NonfungiblePositionManager multicall exit gas 1`] = `178161`;
