// Jest Snapshot v1, https://goo.gl/fbAQLP

exports[`RouterImmutableState bytecode size 1`] = `245`;
